// Jest Snapshot v1, https://goo.gl/fbAQLP

exports[`<Show /> render() renders the component 1`] = `
<div
  className="show"
>
  <Connect(Header)
    headerStart={true}
  />
  <div
    className="hero"
  >
    <div
      className="copy-container"
    >
      <h2 />
      <h3>
        Bringing together circular design, regionality, and human-centeredness to imagine New England furniture's future.
      </h3>
    </div>
  </div>
  <div
    className="body-container"
  >
    <div
      className="copy-container"
    >
      <ReactMarkdown
        astPlugins={Array []}
        escapeHtml={true}
        plugins={Array []}
        rawSourcePos={false}
        renderers={Object {}}
        skipHtml={false}
        sourcePos={false}
        transformLinkUri={[Function]}
      />
      <Link
        replace={false}
        to="/signup"
      >
        start your submission
        <FontAwesome
          name="chevron-right"
        />
      </Link>
      <hr />
    </div>
    <div
      className="copy-container"
    >
      <h2 />
      <ReactMarkdown
        astPlugins={Array []}
        escapeHtml={true}
        plugins={Array []}
        rawSourcePos={false}
        renderers={Object {}}
        skipHtml={false}
        sourcePos={false}
        transformLinkUri={[Function]}
      />
      <Link
        replace={false}
        to="/signup"
      >
        start your submission
        <FontAwesome
          name="chevron-right"
        />
      </Link>
      <hr />
    </div>
    <div
      className="copy-container"
    >
      <h2 />
      <ReactMarkdown
        astPlugins={Array []}
        escapeHtml={true}
        plugins={Array []}
        rawSourcePos={false}
        renderers={Object {}}
        skipHtml={false}
        sourcePos={false}
        transformLinkUri={[Function]}
      />
      <Link
        replace={false}
        to="/signup"
      >
        start your submission
        <FontAwesome
          name="chevron-right"
        />
      </Link>
    </div>
    <div
      className="copy-container"
    >
      <h2 />
      <ReactMarkdown
        astPlugins={Array []}
        escapeHtml={true}
        plugins={Array []}
        rawSourcePos={false}
        renderers={Object {}}
        skipHtml={false}
        sourcePos={false}
        transformLinkUri={[Function]}
      />
      <Link
        replace={false}
        to="/signup"
      >
        start your submission
        <FontAwesome
          name="chevron-right"
        />
      </Link>
    </div>
  </div>
</div>
`;
