// Jest Snapshot v1, https://goo.gl/fbAQLP

exports[`USER_AUTH returns the correct state 1`] = `
Object {
  "charge": Object {
    "amount": "",
    "id": "",
    "user_id": "",
  },
  "comment": Object {
    "approved": "",
    "comments": "",
    "created_at": "",
    "id": "",
    "submission_id": "",
    "updated_at": "",
    "user_id": "",
    "version": "",
  },
  "content": Object {
    "model": "",
  },
  "error": Object {
    "message": "",
  },
  "modal": true,
  "mySubmissions": Array [],
  "posts": Object {
    "items": Array [],
  },
  "submission": Object {
    "advance": "",
    "approved": "",
    "cad_url": "",
    "comments": Array [],
    "description": "",
    "id": "",
    "manufacturing": "",
    "photo_url": "",
    "updated_at": "",
  },
  "user": Object {
    "charges": Array [],
    "email": "",
    "first_name": "",
    "id": "",
    "last_name": "",
    "role": "",
  },
}
`;
